Notice: Function WP_Block_Type_Registry::register was called <strong>incorrectly</strong>. Block type "minn-probe/marker" is already registered. Please see <a href="https://developer.wordpress.org/advanced-administration/debug/debug-wordpress/">Debugging in WordPress</a> for more information. (This message was added in version 5.0.0.) in ~/Cove/Sites/minn.localhost/wp-reference/wp-includes/functions.php on line 6260
Notice: Function WP_Block_Type_Registry::register was called <strong>incorrectly</strong>. Block type names must not contain uppercase characters. "NoSlash" was given. Please see <a href="https://developer.wordpress.org/advanced-administration/debug/debug-wordpress/">Debugging in WordPress</a> for more information. (This message was added in version 5.0.0.) in ~/Cove/Sites/minn.localhost/wp-reference/wp-includes/functions.php on line 6260
Notice: Function WP_Block_Type_Registry::register was called <strong>incorrectly</strong>. Block type names must not contain uppercase characters. "Upper/Case" was given. Please see <a href="https://developer.wordpress.org/advanced-administration/debug/debug-wordpress/">Debugging in WordPress</a> for more information. (This message was added in version 5.0.0.) in ~/Cove/Sites/minn.localhost/wp-reference/wp-includes/functions.php on line 6260
Notice: Function WP_Block_Type_Registry::register was called <strong>incorrectly</strong>. Block type "ok/name-1" is already registered. Please see <a href="https://developer.wordpress.org/advanced-administration/debug/debug-wordpress/">Debugging in WordPress</a> for more information. (This message was added in version 5.0.0.) in ~/Cove/Sites/minn.localhost/wp-reference/wp-includes/functions.php on line 6260
Notice: Function WP_Block_Type_Registry::unregister was called <strong>incorrectly</strong>. Block type "minn-probe/nope" is not registered. Please see <a href="https://developer.wordpress.org/advanced-administration/debug/debug-wordpress/">Debugging in WordPress</a> for more information. (This message was added in version 5.0.0.) in ~/Cove/Sites/minn.localhost/wp-reference/wp-includes/functions.php on line 6260
Notice: Function WP_Block_Type_Registry::register was called <strong>incorrectly</strong>. Block type "minn-probe/json" is already registered. Please see <a href="https://developer.wordpress.org/advanced-administration/debug/debug-wordpress/">Debugging in WordPress</a> for more information. (This message was added in version 5.0.0.) in ~/Cove/Sites/minn.localhost/wp-reference/wp-includes/functions.php on line 6260
Notice: Function WP_Block_Type_Registry::register was called <strong>incorrectly</strong>. Block type "minn-probe/json" is already registered. Please see <a href="https://developer.wordpress.org/advanced-administration/debug/debug-wordpress/">Debugging in WordPress</a> for more information. (This message was added in version 5.0.0.) in ~/Cove/Sites/minn.localhost/wp-reference/wp-includes/functions.php on line 6260
Notice: Function WP_Block_Styles_Registry::register was called <strong>incorrectly</strong>. Block style name must be a string. Please see <a href="https://developer.wordpress.org/advanced-administration/debug/debug-wordpress/">Debugging in WordPress</a> for more information. (This message was added in version 5.3.0.) in ~/Cove/Sites/minn.localhost/wp-reference/wp-includes/functions.php on line 6260
Notice: Function WP_Block_Styles_Registry::register was called <strong>incorrectly</strong>. Block style name must not contain any spaces. Please see <a href="https://developer.wordpress.org/advanced-administration/debug/debug-wordpress/">Debugging in WordPress</a> for more information. (This message was added in version 5.9.0.) in ~/Cove/Sites/minn.localhost/wp-reference/wp-includes/functions.php on line 6260
Notice: Function WP_Block_Styles_Registry::unregister was called <strong>incorrectly</strong>. Block "core/paragraph" does not contain a style named "minn-probe-style". Please see <a href="https://developer.wordpress.org/advanced-administration/debug/debug-wordpress/">Debugging in WordPress</a> for more information. (This message was added in version 5.3.0.) in ~/Cove/Sites/minn.localhost/wp-reference/wp-includes/functions.php on line 6260
Notice: Function WP_Block_Patterns_Registry::register was called <strong>incorrectly</strong>. Pattern title must be a string. Please see <a href="https://developer.wordpress.org/advanced-administration/debug/debug-wordpress/">Debugging in WordPress</a> for more information. (This message was added in version 5.5.0.) in ~/Cove/Sites/minn.localhost/wp-reference/wp-includes/functions.php on line 6260
Notice: Function WP_Block_Patterns_Registry::register was called <strong>incorrectly</strong>. Pattern content must be a string. Please see <a href="https://developer.wordpress.org/advanced-administration/debug/debug-wordpress/">Debugging in WordPress</a> for more information. (This message was added in version 5.5.0.) in ~/Cove/Sites/minn.localhost/wp-reference/wp-includes/functions.php on line 6260
Notice: Function WP_Block_Patterns_Registry::unregister was called <strong>incorrectly</strong>. Pattern "minn-probe/pattern" not found. Please see <a href="https://developer.wordpress.org/advanced-administration/debug/debug-wordpress/">Debugging in WordPress</a> for more information. (This message was added in version 5.5.0.) in ~/Cove/Sites/minn.localhost/wp-reference/wp-includes/functions.php on line 6260
Deprecated: Function wp_get_global_styles_svg_filters is <strong>deprecated</strong> since version 6.3.0 with no alternative available. in ~/Cove/Sites/minn.localhost/wp-reference/wp-includes/functions.php on line 6260
Deprecated: Function get_filter_svg_from_preset is <strong>deprecated</strong> since version 6.3.0 with no alternative available. in ~/Cove/Sites/minn.localhost/wp-reference/wp-includes/functions.php on line 6260
Deprecated: Function get_filter_id_from_preset is <strong>deprecated</strong> since version 6.3.0 with no alternative available. in ~/Cove/Sites/minn.localhost/wp-reference/wp-includes/functions.php on line 6260
Deprecated: Function get_filter_svg_from_preset is <strong>deprecated</strong> since version 6.3.0 with no alternative available. in ~/Cove/Sites/minn.localhost/wp-reference/wp-includes/functions.php on line 6260
Deprecated: Function get_filter_id_from_preset is <strong>deprecated</strong> since version 6.3.0 with no alternative available. in ~/Cove/Sites/minn.localhost/wp-reference/wp-includes/functions.php on line 6260
Deprecated: Function get_filter_svg_from_preset is <strong>deprecated</strong> since version 6.3.0 with no alternative available. in ~/Cove/Sites/minn.localhost/wp-reference/wp-includes/functions.php on line 6260
Deprecated: Function get_filter_id_from_preset is <strong>deprecated</strong> since version 6.3.0 with no alternative available. in ~/Cove/Sites/minn.localhost/wp-reference/wp-includes/functions.php on line 6260
Deprecated: Function get_filter_svg_from_preset is <strong>deprecated</strong> since version 6.3.0 with no alternative available. in ~/Cove/Sites/minn.localhost/wp-reference/wp-includes/functions.php on line 6260
Deprecated: Function get_filter_id_from_preset is <strong>deprecated</strong> since version 6.3.0 with no alternative available. in ~/Cove/Sites/minn.localhost/wp-reference/wp-includes/functions.php on line 6260
Deprecated: Function get_filter_svg_from_preset is <strong>deprecated</strong> since version 6.3.0 with no alternative available. in ~/Cove/Sites/minn.localhost/wp-reference/wp-includes/functions.php on line 6260
Deprecated: Function get_filter_id_from_preset is <strong>deprecated</strong> since version 6.3.0 with no alternative available. in ~/Cove/Sites/minn.localhost/wp-reference/wp-includes/functions.php on line 6260
Deprecated: Function get_filter_svg_from_preset is <strong>deprecated</strong> since version 6.3.0 with no alternative available. in ~/Cove/Sites/minn.localhost/wp-reference/wp-includes/functions.php on line 6260
Deprecated: Function get_filter_id_from_preset is <strong>deprecated</strong> since version 6.3.0 with no alternative available. in ~/Cove/Sites/minn.localhost/wp-reference/wp-includes/functions.php on line 6260
Deprecated: Function get_filter_svg_from_preset is <strong>deprecated</strong> since version 6.3.0 with no alternative available. in ~/Cove/Sites/minn.localhost/wp-reference/wp-includes/functions.php on line 6260
Deprecated: Function get_filter_id_from_preset is <strong>deprecated</strong> since version 6.3.0 with no alternative available. in ~/Cove/Sites/minn.localhost/wp-reference/wp-includes/functions.php on line 6260
Deprecated: Function get_filter_svg_from_preset is <strong>deprecated</strong> since version 6.3.0 with no alternative available. in ~/Cove/Sites/minn.localhost/wp-reference/wp-includes/functions.php on line 6260
Deprecated: Function get_filter_id_from_preset is <strong>deprecated</strong> since version 6.3.0 with no alternative available. in ~/Cove/Sites/minn.localhost/wp-reference/wp-includes/functions.php on line 6260
Notice: wp_json_file_decode(): File  doesn't exist! in ~/Cove/Sites/minn.localhost/wp-reference/wp-includes/functions.php on line 6260
Notice: wp_json_file_decode(): Error when decoding a JSON file at path /private/var/folders/1m/sgtjt_5s2y5dgmlhptlh1tf40000gn/T/minn-probe.json: Syntax error in ~/Cove/Sites/minn.localhost/wp-reference/wp-includes/functions.php on line 6260
Warning: Attempt to read property "comment_type" on null in ~/Cove/Sites/minn.localhost/wp-reference/wp-includes/comment-template.php on line 1161
Warning: Attempt to read property "comment_type" on null in ~/Cove/Sites/minn.localhost/wp-reference/wp-includes/comment-template.php on line 1175
Warning: Attempt to read property "comment_ID" on null in ~/Cove/Sites/minn.localhost/wp-reference/wp-includes/comment-template.php on line 1175
