Notice: Function register_rest_route was called <strong>incorrectly</strong>. REST API routes must be registered on the <code>rest_api_init</code> action. Instead route '<code>/early</code>' with namespace '<code>minn-probe/v1</code>' was not registered on this action. Please see <a href="https://developer.wordpress.org/advanced-administration/debug/debug-wordpress/">Debugging in WordPress</a> for more information. (This message was added in version 5.1.0.) in ~/Cove/Sites/minn.localhost/wp-reference/wp-includes/functions.php on line 6260
Notice: Function register_rest_route was called <strong>incorrectly</strong>. Routes must be namespaced with plugin or theme name and version. Instead there seems to be an empty namespace '<code></code>' for route '<code>/x</code>'. Please see <a href="https://developer.wordpress.org/advanced-administration/debug/debug-wordpress/">Debugging in WordPress</a> for more information. (This message was added in version 4.4.0.) in ~/Cove/Sites/minn.localhost/wp-reference/wp-includes/functions.php on line 6260
Notice: Function register_rest_route was called <strong>incorrectly</strong>. Route must be specified. Instead within the namespace '<code>minn-probe/v1</code>', there seems to be an empty route '<code></code>'. Please see <a href="https://developer.wordpress.org/advanced-administration/debug/debug-wordpress/">Debugging in WordPress</a> for more information. (This message was added in version 4.4.0.) in ~/Cove/Sites/minn.localhost/wp-reference/wp-includes/functions.php on line 6260
Notice: Function rest_validate_value_from_schema was called <strong>incorrectly</strong>. The "type" schema keyword for p is required. Please see <a href="https://developer.wordpress.org/advanced-administration/debug/debug-wordpress/">Debugging in WordPress</a> for more information. (This message was added in version 5.5.0.) in ~/Cove/Sites/minn.localhost/wp-reference/wp-includes/functions.php on line 6260
Warning: Undefined array key "type" in ~/Cove/Sites/minn.localhost/wp-reference/wp-includes/rest-api.php on line 2251
Warning: Undefined array key "type" in ~/Cove/Sites/minn.localhost/wp-reference/wp-includes/rest-api.php on line 2266
Notice: Function rest_validate_value_from_schema was called <strong>incorrectly</strong>. The "type" schema keyword for p can only be one of the built-in types: array, object, string, number, integer, boolean, and null. Please see <a href="https://developer.wordpress.org/advanced-administration/debug/debug-wordpress/">Debugging in WordPress</a> for more information. (This message was added in version 5.5.0.) in ~/Cove/Sites/minn.localhost/wp-reference/wp-includes/functions.php on line 6260
Warning: Undefined array key "type" in ~/Cove/Sites/minn.localhost/wp-reference/wp-includes/rest-api.php on line 2275
Notice: Function rest_sanitize_value_from_schema was called <strong>incorrectly</strong>. The "type" schema keyword for p is required. Please see <a href="https://developer.wordpress.org/advanced-administration/debug/debug-wordpress/">Debugging in WordPress</a> for more information. (This message was added in version 5.5.0.) in ~/Cove/Sites/minn.localhost/wp-reference/wp-includes/functions.php on line 6260
Warning: Undefined array key "type" in ~/Cove/Sites/minn.localhost/wp-reference/wp-includes/rest-api.php on line 2853
Warning: Undefined array key "type" in ~/Cove/Sites/minn.localhost/wp-reference/wp-includes/rest-api.php on line 2863
Notice: Function rest_sanitize_value_from_schema was called <strong>incorrectly</strong>. The "type" schema keyword for p can only be one of the built-in types: array, object, string, number, integer, boolean, and null. Please see <a href="https://developer.wordpress.org/advanced-administration/debug/debug-wordpress/">Debugging in WordPress</a> for more information. (This message was added in version 5.5.0.) in ~/Cove/Sites/minn.localhost/wp-reference/wp-includes/functions.php on line 6260
Warning: Undefined array key "type" in ~/Cove/Sites/minn.localhost/wp-reference/wp-includes/rest-api.php on line 2872
Warning: Undefined array key "type" in ~/Cove/Sites/minn.localhost/wp-reference/wp-includes/rest-api.php on line 2889
Warning: Undefined array key "type" in ~/Cove/Sites/minn.localhost/wp-reference/wp-includes/rest-api.php on line 2916
Warning: Undefined array key "type" in ~/Cove/Sites/minn.localhost/wp-reference/wp-includes/rest-api.php on line 2920
Warning: Undefined array key "type" in ~/Cove/Sites/minn.localhost/wp-reference/wp-includes/rest-api.php on line 2924
Warning: Undefined array key "type" in ~/Cove/Sites/minn.localhost/wp-reference/wp-includes/rest-api.php on line 2928
Warning: Undefined array key "type" in ~/Cove/Sites/minn.localhost/wp-reference/wp-includes/rest-api.php on line 2964
Notice: Function rest_validate_value_from_schema was called <strong>incorrectly</strong>. The "type" schema keyword for p is required. Please see <a href="https://developer.wordpress.org/advanced-administration/debug/debug-wordpress/">Debugging in WordPress</a> for more information. (This message was added in version 5.5.0.) in ~/Cove/Sites/minn.localhost/wp-reference/wp-includes/functions.php on line 6260
Warning: Undefined array key "type" in ~/Cove/Sites/minn.localhost/wp-reference/wp-includes/rest-api.php on line 2251
Warning: Undefined array key "type" in ~/Cove/Sites/minn.localhost/wp-reference/wp-includes/rest-api.php on line 2266
Notice: Function rest_validate_value_from_schema was called <strong>incorrectly</strong>. The "type" schema keyword for p can only be one of the built-in types: array, object, string, number, integer, boolean, and null. Please see <a href="https://developer.wordpress.org/advanced-administration/debug/debug-wordpress/">Debugging in WordPress</a> for more information. (This message was added in version 5.5.0.) in ~/Cove/Sites/minn.localhost/wp-reference/wp-includes/functions.php on line 6260
Warning: Undefined array key "type" in ~/Cove/Sites/minn.localhost/wp-reference/wp-includes/rest-api.php on line 2275
Notice: Function rest_sanitize_value_from_schema was called <strong>incorrectly</strong>. The "type" schema keyword for p is required. Please see <a href="https://developer.wordpress.org/advanced-administration/debug/debug-wordpress/">Debugging in WordPress</a> for more information. (This message was added in version 5.5.0.) in ~/Cove/Sites/minn.localhost/wp-reference/wp-includes/functions.php on line 6260
Warning: Undefined array key "type" in ~/Cove/Sites/minn.localhost/wp-reference/wp-includes/rest-api.php on line 2853
Warning: Undefined array key "type" in ~/Cove/Sites/minn.localhost/wp-reference/wp-includes/rest-api.php on line 2863
Notice: Function rest_sanitize_value_from_schema was called <strong>incorrectly</strong>. The "type" schema keyword for p can only be one of the built-in types: array, object, string, number, integer, boolean, and null. Please see <a href="https://developer.wordpress.org/advanced-administration/debug/debug-wordpress/">Debugging in WordPress</a> for more information. (This message was added in version 5.5.0.) in ~/Cove/Sites/minn.localhost/wp-reference/wp-includes/functions.php on line 6260
Warning: Undefined array key "type" in ~/Cove/Sites/minn.localhost/wp-reference/wp-includes/rest-api.php on line 2872
Warning: Undefined array key "type" in ~/Cove/Sites/minn.localhost/wp-reference/wp-includes/rest-api.php on line 2889
Warning: Undefined array key "type" in ~/Cove/Sites/minn.localhost/wp-reference/wp-includes/rest-api.php on line 2916
Warning: Undefined array key "type" in ~/Cove/Sites/minn.localhost/wp-reference/wp-includes/rest-api.php on line 2920
Warning: Undefined array key "type" in ~/Cove/Sites/minn.localhost/wp-reference/wp-includes/rest-api.php on line 2924
Warning: Undefined array key "type" in ~/Cove/Sites/minn.localhost/wp-reference/wp-includes/rest-api.php on line 2928
Warning: Undefined array key "type" in ~/Cove/Sites/minn.localhost/wp-reference/wp-includes/rest-api.php on line 2964
Notice: Function rest_sanitize_value_from_schema was called <strong>incorrectly</strong>. The "type" schema keyword for  can only be one of the built-in types: array, object, string, number, integer, boolean, and null. Please see <a href="https://developer.wordpress.org/advanced-administration/debug/debug-wordpress/">Debugging in WordPress</a> for more information. (This message was added in version 5.5.0.) in ~/Cove/Sites/minn.localhost/wp-reference/wp-includes/functions.php on line 6260
Notice: Function WP_REST_Controller::register_routes was called <strong>incorrectly</strong>. Method 'WP_REST_Controller::register_routes' must be overridden. Please see <a href="https://developer.wordpress.org/advanced-administration/debug/debug-wordpress/">Debugging in WordPress</a> for more information. (This message was added in version 4.7.0.) in ~/Cove/Sites/minn.localhost/wp-reference/wp-includes/functions.php on line 6260
